2025-08-26 23:10:53,695 - INFO - Starting full interview generation with baseline error handling...
2025-08-26 23:10:53,695 - INFO - ============================================================
2025-08-26 23:10:53,695 - INFO - STARTING FULL INTERVIEW GENERATION WITH BASELINE ERROR HANDLING
2025-08-26 23:10:53,695 - INFO - ============================================================
2025-08-26 23:10:53,695 - INFO - Found 26 forms to process
2025-08-26 23:10:53,696 - INFO - Processing Form 10A...
2025-08-26 23:10:53,696 - INFO - ✓ Generated: baseline_complete_interviews/form_10A_interview.yml
2025-08-26 23:10:53,696 - INFO - Processing Form 10...
2025-08-26 23:10:53,697 - INFO - ✓ Generated: baseline_complete_interviews/form_10_interview.yml
2025-08-26 23:10:53,697 - INFO - Processing Form 13.1...
2025-08-26 23:10:53,699 - INFO - ✓ Generated: baseline_complete_interviews/form_13.1_interview.yml
2025-08-26 23:10:53,699 - INFO - Processing Form 13A...
2025-08-26 23:10:53,699 - INFO - ✓ Generated: baseline_complete_interviews/form_13A_interview.yml
2025-08-26 23:10:53,699 - INFO - Processing Form 13B...
2025-08-26 23:10:53,700 - INFO - ✓ Generated: baseline_complete_interviews/form_13B_interview.yml
2025-08-26 23:10:53,700 - INFO - Processing Form 13C...
2025-08-26 23:10:53,701 - INFO - ✓ Generated: baseline_complete_interviews/form_13C_interview.yml
2025-08-26 23:10:53,701 - INFO - Processing Form 13...
2025-08-26 23:10:53,703 - INFO - ✓ Generated: baseline_complete_interviews/form_13_interview.yml
2025-08-26 23:10:53,703 - INFO - Processing Form 15B...
2025-08-26 23:10:53,704 - INFO - ✓ Generated: baseline_complete_interviews/form_15B_interview.yml
2025-08-26 23:10:53,704 - INFO - Processing Form 15C...
2025-08-26 23:10:53,704 - INFO - ✓ Generated: baseline_complete_interviews/form_15C_interview.yml
2025-08-26 23:10:53,704 - INFO - Processing Form 15...
2025-08-26 23:10:53,705 - INFO - ✓ Generated: baseline_complete_interviews/form_15_interview.yml
2025-08-26 23:10:53,705 - INFO - Processing Form 17A...
2025-08-26 23:10:53,705 - INFO - ✓ Generated: baseline_complete_interviews/form_17A_interview.yml
2025-08-26 23:10:53,705 - INFO - Processing Form 17C...
2025-08-26 23:10:53,705 - INFO - ✓ Generated: baseline_complete_interviews/form_17C_interview.yml
2025-08-26 23:10:53,705 - INFO - Processing Form 25A...
2025-08-26 23:10:53,706 - INFO - ✓ Generated: baseline_complete_interviews/form_25A_interview.yml
2025-08-26 23:10:53,706 - INFO - Processing Form 25D...
2025-08-26 23:10:53,707 - INFO - ✓ Generated: baseline_complete_interviews/form_25D_interview.yml
2025-08-26 23:10:53,707 - INFO - Processing Form 26...
2025-08-26 23:10:53,708 - INFO - ✓ Generated: baseline_complete_interviews/form_26_interview.yml
2025-08-26 23:10:53,708 - INFO - Processing Form 28...
2025-08-26 23:10:53,709 - INFO - ✓ Generated: baseline_complete_interviews/form_28_interview.yml
2025-08-26 23:10:53,709 - INFO - Processing Form 29A...
2025-08-26 23:10:53,709 - INFO - ✓ Generated: baseline_complete_interviews/form_29A_interview.yml
2025-08-26 23:10:53,709 - INFO - Processing Form 29B...
2025-08-26 23:10:53,710 - INFO - ✓ Generated: baseline_complete_interviews/form_29B_interview.yml
2025-08-26 23:10:53,710 - INFO - Processing Form 29...
2025-08-26 23:10:53,710 - INFO - ✓ Generated: baseline_complete_interviews/form_29_interview.yml
2025-08-26 23:10:53,710 - INFO - Processing Form 33F...
2025-08-26 23:10:53,710 - INFO - ✓ Generated: baseline_complete_interviews/form_33F_interview.yml
2025-08-26 23:10:53,710 - INFO - Processing Form 36A...
2025-08-26 23:10:53,711 - INFO - ✓ Generated: baseline_complete_interviews/form_36A_interview.yml
2025-08-26 23:10:53,711 - INFO - Processing Form 36...
2025-08-26 23:10:53,711 - INFO - ✓ Generated: baseline_complete_interviews/form_36_interview.yml
2025-08-26 23:10:53,711 - INFO - Processing Form 6B...
2025-08-26 23:10:53,711 - INFO - ✓ Generated: baseline_complete_interviews/form_6B_interview.yml
2025-08-26 23:10:53,711 - INFO - Processing Form 6C...
2025-08-26 23:10:53,712 - INFO - ✓ Generated: baseline_complete_interviews/form_6C_interview.yml
2025-08-26 23:10:53,712 - INFO - Processing Form 8A...
2025-08-26 23:10:53,712 - INFO - ✓ Generated: baseline_complete_interviews/form_8A_interview.yml
2025-08-26 23:10:53,712 - INFO - Processing Form 8...
2025-08-26 23:10:53,713 - INFO - ✓ Generated: baseline_complete_interviews/form_8_interview.yml
2025-08-26 23:10:53,713 - INFO - Generating master index...
2025-08-26 23:10:53,713 - INFO - ✓ Generated master index: baseline_complete_interviews/00_INDEX.yml
2025-08-26 23:10:53,713 - INFO - ============================================================
2025-08-26 23:10:53,713 - INFO - GENERATION COMPLETE
2025-08-26 23:10:53,713 - INFO - Total forms: 26
2025-08-26 23:10:53,713 - INFO - Successful: 26
2025-08-26 23:10:53,713 - INFO - Failed: 0
2025-08-26 23:10:53,713 - INFO - ============================================================
