2025-08-19 22:56:56,579 - __main__ - INFO - ============================================================
2025-08-19 22:56:56,579 - __main__ - INFO - Starting Updated Ontario Family Law Forms Workflow
2025-08-19 22:56:56,579 - __main__ - INFO - ============================================================
2025-08-19 22:56:56,579 - __main__ - INFO - 
Step 1: Downloading forms...
2025-08-19 22:56:56,579 - __main__ - ERROR - Download failed: No module named 'requests'
2025-08-19 22:56:56,579 - __main__ - INFO - 
Step 2: Creating forms list...
2025-08-19 22:56:56,584 - __main__ - INFO - Created list of 48 forms
2025-08-19 22:56:56,584 - __main__ - INFO - 
Step 3: Parsing forms...
2025-08-19 22:56:56,825 - parse_forms_from_list - INFO - Parsing Form 10: form_10_-_answer_flr-10-jun25-en-fil.docx
2025-08-19 22:56:56,923 - parse_forms_from_list - INFO -   ✓ Extracted 4 fields
2025-08-19 22:56:56,923 - parse_forms_from_list - INFO - Parsing Form 10A: form_10a_-_reply_flr-10a-e.pdf
2025-08-19 22:56:57,049 - parse_forms_from_list - INFO -   ✓ Extracted 24 fields
2025-08-19 22:56:57,049 - parse_forms_from_list - INFO - Parsing Form 13: form_13_-_financial_statement_support_flr-13-may21-en-fil.docx
2025-08-19 22:56:57,296 - parse_forms_from_list - INFO -   ✓ Extracted 127 fields
2025-08-19 22:56:57,296 - parse_forms_from_list - INFO - Parsing Form 13.1: form_13.1_-_financial_statement_property_flr-13-1-may21-en-fil.docx
2025-08-19 22:56:57,548 - parse_forms_from_list - INFO -   ✓ Extracted 113 fields
2025-08-19 22:56:57,548 - parse_forms_from_list - INFO - Parsing Form 13A: form_13a_-_certificate_financial_disclosure_flr-13a-may21-en-fil.docx
2025-08-19 22:56:57,708 - parse_forms_from_list - INFO -   ✓ Extracted 4 fields
2025-08-19 22:56:57,708 - parse_forms_from_list - INFO - Parsing Form 13B: form_13b_-_net_family_property_statement_flr-13b-may09-en-fil-tables.docx
2025-08-19 22:56:57,762 - parse_forms_from_list - INFO -   ✓ Extracted 39 fields
2025-08-19 22:56:57,762 - parse_forms_from_list - INFO - Parsing Form 13C: form_13c_-_comparison_net_family_property_flr-13c-may21-en-fil.docx
2025-08-19 22:56:57,863 - parse_forms_from_list - INFO -   ✓ Extracted 42 fields
2025-08-19 22:56:57,863 - parse_forms_from_list - INFO - Parsing Form 14B: form_14b_-_motion_form_flr-14b-0921-en.docx
2025-08-19 22:56:57,900 - parse_forms_from_list - WARNING -   ⚠ No fields extracted
2025-08-19 22:56:57,901 - parse_forms_from_list - INFO - Parsing Form 14C: form_14c_-_confirmation_motion_flr-14c-sep24-en-fil.docx
2025-08-19 22:56:57,981 - parse_forms_from_list - WARNING -   ⚠ No fields extracted
2025-08-19 22:56:57,981 - parse_forms_from_list - INFO - Parsing Form 15: form_15_-_motion_to_change_flr-15-0921-en.docx
2025-08-19 22:56:58,146 - parse_forms_from_list - INFO -   ✓ Extracted 13 fields
2025-08-19 22:56:58,146 - parse_forms_from_list - INFO - Parsing Form 15B: form_15b_-_response_motion_to_change_form-15b-en-dec20.docx
2025-08-19 22:56:58,309 - parse_forms_from_list - INFO -   ✓ Extracted 11 fields
2025-08-19 22:56:58,309 - parse_forms_from_list - INFO - Parsing Form 15C: form_15c_-_consent_motion_to_change_form-15c-en-dec20.docx
2025-08-19 22:56:58,612 - parse_forms_from_list - INFO -   ✓ Extracted 24 fields
2025-08-19 22:56:58,613 - parse_forms_from_list - INFO - Parsing Form 17A: form_17a_-_case_conference_brief_flr-17a-sep23-en.docx
2025-08-19 22:56:58,733 - parse_forms_from_list - INFO -   ✓ Extracted 4 fields
2025-08-19 22:56:58,733 - parse_forms_from_list - INFO - Parsing Form 17C: form_17c_-_settlement_conference_brief_flr-17c-sep23-en.docx
2025-08-19 22:56:58,847 - parse_forms_from_list - INFO -   ✓ Extracted 4 fields
2025-08-19 22:56:58,847 - parse_forms_from_list - INFO - Parsing Form 17F: form_17f_-_confirmation_conference_flr-17f-sep24-en-fil.docx
2025-08-19 22:56:58,941 - parse_forms_from_list - WARNING -   ⚠ No fields extracted
2025-08-19 22:56:58,941 - parse_forms_from_list - INFO - Parsing Form 25: form_25_-_order_general_form-25-en-dec20.docx
2025-08-19 22:56:58,968 - parse_forms_from_list - WARNING -   ⚠ No fields extracted
2025-08-19 22:56:58,968 - parse_forms_from_list - INFO - Parsing Form 25A: form_25a_-_divorce_order_flr-25a-e.pdf
2025-08-19 22:56:59,075 - parse_forms_from_list - INFO -   ✓ Extracted 28 fields
2025-08-19 22:56:59,075 - parse_forms_from_list - INFO - Parsing Form 25C: form_25c_-_adoption_order_flr-25c-may25-en-fil.docx
2025-08-19 22:56:59,141 - parse_forms_from_list - WARNING -   ⚠ No fields extracted
2025-08-19 22:56:59,141 - parse_forms_from_list - INFO - Parsing Form 25D: form_25d_-_order_uncontested_trial_form-25d-en-dec20.docx
2025-08-19 22:56:59,351 - parse_forms_from_list - INFO -   ✓ Extracted 13 fields
2025-08-19 22:56:59,351 - parse_forms_from_list - INFO - Parsing Form 25F: form_25f_-_restraining_order_flr-25f-sep09-en-fil.docx
2025-08-19 22:56:59,391 - parse_forms_from_list - WARNING -   ⚠ No fields extracted
2025-08-19 22:56:59,391 - parse_forms_from_list - INFO - Parsing Form 26: form_26_-_statement_money_owed_flr-26-apr16-en-fil.docx
2025-08-19 22:56:59,629 - parse_forms_from_list - INFO -   ✓ Extracted 64 fields
2025-08-19 22:56:59,629 - parse_forms_from_list - INFO - Parsing Form 27: form_27_-_request_financial_statement_flr-27-apr16-en-fil.docx
2025-08-19 22:56:59,642 - parse_forms_from_list - WARNING -   ⚠ No fields extracted
2025-08-19 22:56:59,643 - parse_forms_from_list - INFO - Parsing Form 28: form_28_-_writ_seizure_sale_flr-28-apr16-en-fil.docx
2025-08-19 22:56:59,722 - parse_forms_from_list - INFO -   ✓ Extracted 18 fields
2025-08-19 22:56:59,723 - parse_forms_from_list - INFO - Parsing Form 29: form_29_-_request_garnishment_flr-29-apr16-en-fil.docx
2025-08-19 22:56:59,859 - parse_forms_from_list - INFO -   ✓ Extracted 11 fields
2025-08-19 22:56:59,859 - parse_forms_from_list - INFO - Parsing Form 29A: form_29a_-_notice_garnishment_lump_sum_flr-29a-apr16-en-fil.docx
2025-08-19 22:56:59,904 - parse_forms_from_list - INFO -   ✓ Extracted 1 fields
2025-08-19 22:56:59,904 - parse_forms_from_list - INFO - Parsing Form 29B: form_29b_-_notice_garnishment_periodic_flr-29b-apr16-en-fil.docx
2025-08-19 22:56:59,995 - parse_forms_from_list - INFO -   ✓ Extracted 3 fields
2025-08-19 22:56:59,995 - parse_forms_from_list - INFO - Parsing Form 30: form_30_-_notice_default_hearing_flr-30-apr16-en-fil.docx
2025-08-19 22:57:00,035 - parse_forms_from_list - WARNING -   ⚠ No fields extracted
2025-08-19 22:57:00,035 - parse_forms_from_list - INFO - Parsing Form 33F: form_33f_-_access_application_flr-33f-may21-en-fil.docx
2025-08-19 22:57:00,083 - parse_forms_from_list - INFO -   ✓ Extracted 1 fields
2025-08-19 22:57:00,083 - parse_forms_from_list - INFO - Parsing Form 34: form_34_-_child_consent_adoption_flr-34-nov18-en-fil.docx
2025-08-19 22:57:00,136 - parse_forms_from_list - WARNING -   ⚠ No fields extracted
2025-08-19 22:57:00,136 - parse_forms_from_list - INFO - Parsing Form 34A: form_34a_-_affidavit_parentage_form-34a-en-dec20.docx
2025-08-19 22:57:00,324 - parse_forms_from_list - WARNING -   ⚠ No fields extracted
2025-08-19 22:57:00,324 - parse_forms_from_list - INFO - Parsing Form 34F: form_34f_-_consents_adoption_form-34f-en-dec20.docx
2025-08-19 22:57:00,399 - parse_forms_from_list - WARNING -   ⚠ No fields extracted
2025-08-19 22:57:00,399 - parse_forms_from_list - INFO - Parsing Form 34G: form_34g_-_affidavit_adopting_parent_form-34g-en-dec20.docx
2025-08-19 22:57:00,458 - parse_forms_from_list - WARNING -   ⚠ No fields extracted
2025-08-19 22:57:00,458 - parse_forms_from_list - INFO - Parsing Form 34I: form_34i_-_affidavit_adopting_relative_form-34i-en-dec20.docx
2025-08-19 22:57:00,533 - parse_forms_from_list - WARNING -   ⚠ No fields extracted
2025-08-19 22:57:00,533 - parse_forms_from_list - INFO - Parsing Form 36: form_36_-_affidavit_for_divorce_flr-36-apr24-en-fil.docx
2025-08-19 22:57:00,642 - parse_forms_from_list - INFO -   ✓ Extracted 4 fields
2025-08-19 22:57:00,642 - parse_forms_from_list - INFO - Parsing Form 36A: form_36a_-_certificate_divorce_flr-36a-dec20-en-fil.docx
2025-08-19 22:57:00,780 - parse_forms_from_list - INFO -   ✓ Extracted 1 fields
2025-08-19 22:57:00,780 - parse_forms_from_list - INFO - Parsing Form 37: form_37_-_interjurisdictional_support_order_flr-37-apr24-en-fil.docx
2025-08-19 22:57:00,857 - parse_forms_from_list - WARNING -   ⚠ No fields extracted
2025-08-19 22:57:00,857 - parse_forms_from_list - INFO - Parsing Form 37A: form_37a_-_affidavit_interjurisdictional_support_flr-37a-apr24-en-fil.docx
2025-08-19 22:57:00,870 - parse_forms_from_list - WARNING -   ⚠ No fields extracted
2025-08-19 22:57:00,871 - parse_forms_from_list - INFO - Parsing Form 37B: form_37b_-_evidence_information_flr-37b-apr24-en-fil.docx
2025-08-19 22:57:00,894 - parse_forms_from_list - WARNING -   ⚠ No fields extracted
2025-08-19 22:57:00,894 - parse_forms_from_list - INFO - Parsing Form 4: form_4_-_notice_change_representation_flr-04-jun25-en-fil.docx
2025-08-19 22:57:00,917 - parse_forms_from_list - WARNING -   ⚠ No fields extracted
2025-08-19 22:57:00,917 - parse_forms_from_list - INFO - Parsing Form 43: form_43_-_bjdr_hearing_request_flr-43-sep24-en-fil.docx
2025-08-19 22:57:00,972 - parse_forms_from_list - WARNING -   ⚠ No fields extracted
2025-08-19 22:57:00,972 - parse_forms_from_list - INFO - Parsing Form 43A: form_43a_-_bjdr_request_ocl_flr-43a-sep24-en-fil.docx
2025-08-19 22:57:01,009 - parse_forms_from_list - WARNING -   ⚠ No fields extracted
2025-08-19 22:57:01,009 - parse_forms_from_list - INFO - Parsing Form 43B: form_43b_-_affidavit_bjdr_hearing_flr-43b-sep24-en-fil.docx
2025-08-19 22:57:01,068 - parse_forms_from_list - WARNING -   ⚠ No fields extracted
2025-08-19 22:57:01,068 - parse_forms_from_list - INFO - Parsing Form 6B: form_6b_-_affidavit_service_flr-06b-apr16-en-fil.docx
2025-08-19 22:57:01,164 - parse_forms_from_list - INFO -   ✓ Extracted 1 fields
2025-08-19 22:57:01,164 - parse_forms_from_list - INFO - Parsing Form 6C: form_6c_-_certificate_service_flr-6c-apr23-en-fil.docx
2025-08-19 22:57:01,284 - parse_forms_from_list - INFO -   ✓ Extracted 4 fields
2025-08-19 22:57:01,284 - parse_forms_from_list - INFO - Parsing Form 8: form_8_-_application_general_flr-8-jun25-en.docx
2025-08-19 22:57:01,473 - parse_forms_from_list - INFO -   ✓ Extracted 12 fields
2025-08-19 22:57:01,473 - parse_forms_from_list - INFO - Parsing Form 8A: form_8a_-_application_divorce_flr-8a-apr24-en-fil.docx
2025-08-19 22:57:01,671 - parse_forms_from_list - INFO -   ✓ Extracted 12 fields
2025-08-19 22:57:01,671 - parse_forms_from_list - INFO - Parsing Form 8B: form_8b_-_application_child_protection_form-8b-feb_1_2022-en.docx
2025-08-19 22:57:01,788 - parse_forms_from_list - WARNING -   ⚠ No fields extracted
2025-08-19 22:57:01,788 - parse_forms_from_list - INFO - Parsing Form 8D: form_8d_-_application_adoption_flr-8d-may25-en-fil.docx
2025-08-19 22:57:01,855 - parse_forms_from_list - WARNING -   ⚠ No fields extracted
2025-08-19 22:57:01,856 - parse_forms_from_list - INFO - 
Parsing complete. Summary saved to workflow_output/parsed_forms/parsing_summary.json
2025-08-19 22:57:01,856 - __main__ - INFO - Parsed 26 forms successfully
2025-08-19 22:57:01,856 - __main__ - WARNING - 22 forms had no extractable fields
2025-08-19 22:57:01,856 - __main__ - INFO - 
Step 4: Mapping to docassemble objects...
2025-08-19 22:57:01,871 - __main__ - INFO - Mapped 582 fields to docassemble objects
2025-08-19 22:57:01,872 - __main__ - INFO - 
Step 5: Generating YAML interviews...
2025-08-19 22:57:01,879 - __main__ - INFO - Generated YAML for Form 15
2025-08-19 22:57:01,879 - __main__ - INFO - Generated YAML for Form 10
2025-08-19 22:57:01,880 - __main__ - INFO - Generated YAML for Form 15C
2025-08-19 22:57:01,880 - __main__ - INFO - Generated YAML for Form 13A
2025-08-19 22:57:01,881 - __main__ - INFO - Generated YAML for Form 36
2025-08-19 22:57:01,881 - __main__ - INFO - Generated YAML for Form 10A
2025-08-19 22:57:01,882 - __main__ - INFO - Generated YAML for Form 29B
2025-08-19 22:57:01,883 - __main__ - INFO - Generated YAML for Form 6B
2025-08-19 22:57:01,883 - __main__ - INFO - Generated YAML for Form 13C
2025-08-19 22:57:01,884 - __main__ - INFO - Generated YAML for Form 8A
2025-08-19 22:57:01,885 - __main__ - INFO - Generated YAML for Form 28
2025-08-19 22:57:01,886 - __main__ - INFO - Generated YAML for Form 26
2025-08-19 22:57:01,887 - __main__ - INFO - Generated YAML for Form 15B
2025-08-19 22:57:01,887 - __main__ - INFO - Generated YAML for Form 29A
2025-08-19 22:57:01,888 - __main__ - INFO - Generated YAML for Form 25D
2025-08-19 22:57:01,888 - __main__ - INFO - Generated YAML for Form 17A
2025-08-19 22:57:01,889 - __main__ - INFO - Generated YAML for Form 25A
2025-08-19 22:57:01,889 - __main__ - INFO - Generated YAML for Form 33F
2025-08-19 22:57:01,889 - __main__ - INFO - Generated YAML for Form 13B
2025-08-19 22:57:01,890 - __main__ - INFO - Generated YAML for Form 6C
2025-08-19 22:57:01,891 - __main__ - INFO - Generated YAML for Form 13
2025-08-19 22:57:01,892 - __main__ - INFO - Generated YAML for Form 8
2025-08-19 22:57:01,893 - __main__ - INFO - Generated YAML for Form 13.1
2025-08-19 22:57:01,894 - __main__ - INFO - Generated YAML for Form 29
2025-08-19 22:57:01,894 - __main__ - INFO - Generated YAML for Form 17C
2025-08-19 22:57:01,895 - __main__ - INFO - Generated YAML for Form 36A
2025-08-19 22:57:01,895 - __main__ - INFO - Generated 26 YAML interview files
2025-08-19 22:57:01,895 - __main__ - INFO - 
Step 6: Validating YAML files...
2025-08-19 22:57:01,895 - __main__ - ERROR - Validation failed: No module named 'yaml'
2025-08-19 22:57:01,895 - __main__ - INFO - 
Workflow complete. Report saved to workflow_output/reports/workflow_report_20250819_225701.json
Forms list saved to workflow_output/forms_list.json
Forms CSV saved to workflow_output/forms_list.csv

============================================================
WORKFLOW SUMMARY
============================================================
✗ download: failed
✓ forms_list: success
  - Listed: 48 forms
  - PDF: 2, DOCX: 46
✓ parse: success
  - Parsed: 26 forms
  - No fields: 22
✓ map_objects: success
  - Mapped: 582 fields
✓ generate_yaml: success
  - Generated: 26 YAML files
✗ validate: failed
============================================================
Overall status: success
Output directory: workflow_output
============================================================
